// Jest Snapshot v1, https://goo.gl/fbAQLP

exports[`command init it should be create the expected builder: options 1`] = `
Array [
  Object {
    "cli": Object {
      "alias": "c",
      "default": false,
      "desc": "Extends the package with CLI features",
      "group": "init-Options:",
      "implies": "package",
      "type": "boolean",
    },
    "github": Object {
      "desc": "Github username",
      "group": "init-Options:",
      "type": "string",
    },
    "noCommit": Object {
      "default": false,
      "desc": "No initial commit is executed at the end",
      "group": "init-Options:",
      "type": "boolean",
    },
    "package": Object {
      "alias": "p",
      "default": false,
      "desc": "Project is created as a package",
      "group": "init-Options:",
      "type": "boolean",
    },
  },
]
`;

exports[`command init it should be create the expected builder: usage 1`] = `
Array [
  "Usage: $0 init [options]",
]
`;
