// Jest Snapshot v1, https://goo.gl/fbAQLP

exports[`getInaccurateVersions() it should work 1`] = `
Array [
  Array [
    "range1",
    "1.0.0 - 2.9999.9999",
    "1.0.0",
  ],
  Array [
    "range2",
    ">=1.0.2 <2.1.2",
    "1.0.2",
  ],
  Array [
    "range3",
    ">1.0.2 <=2.3.4",
    "1.0.2",
  ],
  Array [
    "range4",
    "<1.0.0 || >=2.3.1 <2.4.5 || >=2.5.2 <3.0.0",
    "1.0.0",
  ],
  Array [
    "tilde1",
    "~1.2",
    "1.2.0",
  ],
  Array [
    "tilde2",
    "~1.2.3",
    "1.2.3",
  ],
  Array [
    "wildcard1",
    "2.x",
    "2.0.0",
  ],
  Array [
    "wildcard2",
    "3.3.x",
    "3.3.0",
  ],
  Array [
    "latest",
    "latest",
    "could not be detected",
  ],
]
`;
